core_cm4.h:2064:26:ITM_SendChar	16	static,ignoring_inline_asm
main.c:142:5:main	24	static
main.c:253:6:SystemClock_Config	88	static
main.c:297:13:MX_DAC_Init	16	static
main.c:335:13:MX_TIM2_Init	32	static
main.c:378:13:MX_DMA_Init	16	static
main.c:396:13:MX_GPIO_Init	40	static
main.c:419:6:sum_signal	16	static
main.c:431:6:noise	16	static
main.c:438:6:sinval	16	static
main.c:445:6:sinval2	16	static
main.c:464:6:fir	8	static
main.c:475:5:_write	32	static
main.c:489:6:Error_Handler	4	static,ignoring_inline_asm
